// Jest Snapshot v1, https://goo.gl/fbAQLP

exports[`QuestionsWithAnswersOfUser should render and match the snapshot questions[0] TRUE 1`] = `
<div>
  Children
</div>
`;

exports[`QuestionsWithAnswersOfUser should render and match the snapshot questionsLoading TRUE 1`] = `
<div>
  Children
</div>
`;
