// Jest Snapshot v1, https://goo.gl/fbAQLP

exports[`Wallet render 1`] = `
<div>
  <UNDEFINED
    description="Wallet | Description"
    index={false}
    language="en"
    title="Wallet"
  />
  <UNDEFINED
    account={null}
    balance={null}
    getWeekStatProcessing={false}
    locale="en"
    userId="id"
    weekStat={Array []}
  />
</div>
`;

exports[`Wallet should render and match the snapshot 1`] = `
<div>
  <div
    class="HeightWidthCentered__Wrapper-hb2oln-0 hvbKrn"
  >
    <div
      class="d-flex"
    >
      <div
        class="Circle-jolu9z-0 czelAb"
      />
      <div
        class="Circle-jolu9z-0 dCZrqO"
      />
      <div
        class="Circle-jolu9z-0 dNCZdJ"
      />
      <div
        class="Circle-jolu9z-0 kgVfzR"
      />
      <div
        class="Circle-jolu9z-0 gaWZkN"
      />
    </div>
  </div>
</div>
`;
