// Jest Snapshot v1, https://goo.gl/fbAQLP

exports[`EditQuestion should render and match the snapshot question is NOT null 1`] = `
<div>
  children
</div>
`;

exports[`EditQuestion should render and match the snapshot question is null 1`] = `
<div>
  children
</div>
`;

exports[`EditQuestion should render and match the snapshot questionLoading is falsy 1`] = `
<div>
  children
</div>
`;

exports[`EditQuestion should render and match the snapshot questionLoading is true 1`] = `
<div>
  children
</div>
`;
